warning: `#[diagnostic::do_not_recommend]` can only be placed on trait implementations
  --> $DIR/incorrect-locations.rs:4:1
   |
LL | #[diagnostic::do_not_recommend]
   | ^^^^^^^^^^^^^^^^^^^^^^^^^^^^^^^
   |
   = note: `#[warn(unknown_or_malformed_diagnostic_attributes)]` on by default

warning: `#[diagnostic::do_not_recommend]` can only be placed on trait implementations
  --> $DIR/incorrect-locations.rs:8:1
   |
LL | #[diagnostic::do_not_recommend]
   | ^^^^^^^^^^^^^^^^^^^^^^^^^^^^^^^

warning: `#[diagnostic::do_not_recommend]` can only be placed on trait implementations
  --> $DIR/incorrect-locations.rs:12:1
   |
LL | #[diagnostic::do_not_recommend]
   | ^^^^^^^^^^^^^^^^^^^^^^^^^^^^^^^

warning: `#[diagnostic::do_not_recommend]` can only be placed on trait implementations
  --> $DIR/incorrect-locations.rs:16:1
   |
LL | #[diagnostic::do_not_recommend]
   | ^^^^^^^^^^^^^^^^^^^^^^^^^^^^^^^

warning: `#[diagnostic::do_not_recommend]` can only be placed on trait implementations
  --> $DIR/incorrect-locations.rs:20:1
   |
LL | #[diagnostic::do_not_recommend]
   | ^^^^^^^^^^^^^^^^^^^^^^^^^^^^^^^

warning: `#[diagnostic::do_not_recommend]` can only be placed on trait implementations
  --> $DIR/incorrect-locations.rs:24:1
   |
LL | #[diagnostic::do_not_recommend]
   | ^^^^^^^^^^^^^^^^^^^^^^^^^^^^^^^

warning: `#[diagnostic::do_not_recommend]` can only be placed on trait implementations
  --> $DIR/incorrect-locations.rs:28:1
   |
LL | #[diagnostic::do_not_recommend]
   | ^^^^^^^^^^^^^^^^^^^^^^^^^^^^^^^

warning: `#[diagnostic::do_not_recommend]` can only be placed on trait implementations
  --> $DIR/incorrect-locations.rs:32:1
   |
LL | #[diagnostic::do_not_recommend]
   | ^^^^^^^^^^^^^^^^^^^^^^^^^^^^^^^

warning: 8 warnings emitted

