error: cannot specify the `--color` option with `--json`

