Couldn't create directory for doctest executables: Permission denied (os error 13)
